Microchip MPLAB XC8 Compiler V2.36

Linker command line:

-W-3 --edf=C:\Program Files\Microchip\xc8\v2.36\pic\dat\en_msgs.txt -cn \
  -h+dist/default/production\practice_08.X.production.sym \
  --cmf=dist/default/production\practice_08.X.production.cmf -z -Q18F45K50 \
  -oC:\Users\JFran\AppData\Local\Temp\xcAsl4o.4 --defsym=__MPLAB_BUILD=1 \
  -Mdist/default/production/practice_08.X.production.map \
  --md=C:\Users\JFran\AppData\Local\Temp\xcAsl4o.dat -E1 -ver=XC8 Compiler \
  --acfsm=1493 -ACODE=00h-07FFFh -ACONST=00h-07FFFh \
  -ASMALLCONST=0800h-08FFhx120 -AMEDIUMCONST=0800h-07FFFh -ACOMRAM=01h-05Fh \
  -AABS1=00h-07FFh -ABIGRAM=01h-07FFh -ARAM=060h-0FFh,0100h-01FFhx7 \
  -ABANK0=060h-0FFh -ABANK1=0100h-01FFh -ABANK2=0200h-02FFh \
  -ABANK3=0300h-03FFh -ABANK4=0400h-04FFh -ABANK5=0500h-05FFh \
  -ABANK6=0600h-06FFh -ABANK7=0700h-07FFh -ASFR=0F53h-0F5Fh,0F60h-0FFFh \
  -ABIGSFR=0F53h-0FFFh -ACONFIG=0300000h-030000Dh -AIDLOC=0200000h-0200007h \
  -AEEDATA=0F00000h-0F000FFh -peeprom_data=EEDATA \
  -preset_vec=00h,intcode,intcodelo,powerup,init -pramtop=0800h \
  -psmallconst=SMALLCONST -pmediumconst=MEDIUMCONST -pconst=CONST \
  -AFARRAM=00h-00h \
  -prdata=COMRAM,nvrram=COMRAM,nvbit=COMRAM,rbss=COMRAM,rbit=COMRAM \
  -pfarbss=FARRAM,fardata=FARRAM,nvFARRAM=FARRAM \
  -pintsave_regs=BIGRAM,bigbss=BIGRAM,bigdata=BIGRAM -pbss=RAM \
  -pidata=CODE,irdata=CODE,ibigdata=CODE,ifardata=CODE -prparam=COMRAM \
  C:\Users\JFran\AppData\Local\Temp\xcAsl4o.o \
  dist/default/production\practice_08.X.production.o 

Object code version is 3.11

Machine type is 18F45K50



                Name                               Link     Load   Length Selector   Space Scale
C:\Users\JFran\AppData\Local\Temp\xcAsl4o.o
                idloc                            200000   200000        8        0       5
                config                           300000   300000        E        0       4
                init                                  0        0        4        0       0
dist/default/production\practice_08.X.production.o
                idloc                            200000   200000        8        0       5
                config                           300000   300000        E        0       4
                text9                              78D6     78D6       14     3C6B       0
                text8                              792A     792A       48     3C95       0
                text7                              7A94     7A94       C4     3D4A       0
                text6                              79E4     79E4       B0     3CF2       0
                text5                              7B58     7B58      15E     3DAC       0
                text4                              7CB6     7CB6      176     3E5B       0
                text3                              7908     7908       22     3C84       0
                text2                              7E2C     7E2C      1D4     3F16       0
                text1                              78EA     78EA       1E     3C75       0
                text0                              7972     7972       72     3CB9       0
                cstackCOMRAM                          1        1       1D        1       1
                bssCOMRAM                            1E       1E        3        1       1
                cinit                              78CA     78CA        C     3C65       0

TOTAL           Name                               Link     Load   Length     Space
        CLASS   CODE           
                init                                  0        0        4         0
                text9                              78D6     78D6       14         0
                text8                              792A     792A       48         0
                text7                              7A94     7A94       C4         0
                text6                              79E4     79E4       B0         0
                text5                              7B58     7B58      15E         0
                text4                              7CB6     7CB6      176         0
                text3                              7908     7908       22         0
                text2                              7E2C     7E2C      1D4         0
                text1                              78EA     78EA       1E         0
                text0                              7972     7972       72         0
                cinit                              78CA     78CA        C         0

        CLASS   CONST          

        CLASS   SMALLCONST     

        CLASS   MEDIUMCONST    

        CLASS   COMRAM         
                cstackCOMRAM                          1        1       1D         1
                bssCOMRAM                            1E       1E        3         1

        CLASS   ABS1           

        CLASS   BIGRAM         

        CLASS   RAM            

        CLASS   BANK0          

        CLASS   BANK1          

        CLASS   BANK2          

        CLASS   BANK3          

        CLASS   BANK4          

        CLASS   BANK5          

        CLASS   BANK6          

        CLASS   BANK7          

        CLASS   SFR            

        CLASS   BIGSFR         

        CLASS   CONFIG         
                config                           300000   300000        E         4

        CLASS   IDLOC          
                idloc                            200000   200000        8         5

        CLASS   EEDATA         

        CLASS   FARRAM         

        CLASS   HEAP           

        CLASS   STACK          



SEGMENTS        Name                           Load    Length   Top    Selector   Space  Class

                reset_vec                      000000  000004  000004         0       0  CODE    
                cstackCOMRAM                   000001  000020  000021         1       1  COMRAM  
                cinit                          0078CA  00000C  0078D6      3C65       0  CODE    
                text9                          0078D6  000014  0078EA      3C6B       0  CODE    
                text1                          0078EA  00001E  007908      3C75       0  CODE    
                text3                          007908  000022  00792A      3C84       0  CODE    
                text8                          00792A  000048  007972      3C95       0  CODE    
                text0                          007972  000072  0079E4      3CB9       0  CODE    
                text6                          0079E4  0000B0  007A94      3CF2       0  CODE    
                text7                          007A94  0000C4  007B58      3D4A       0  CODE    
                text5                          007B58  00015E  007CB6      3DAC       0  CODE    
                text4                          007CB6  000176  007E2C      3E5B       0  CODE    
                text2                          007E2C  0001D4  008000      3F16       0  CODE    


UNUSED ADDRESS RANGES

        Name                Unused          Largest block    Delta
        BANK0            000060-0000FF               A0
        BANK1            000100-0001FF              100
        BANK2            000200-0002FF              100
        BANK3            000300-0003FF              100
        BANK4            000400-0004FF              100
        BANK5            000500-0005FF              100
        BANK6            000600-0006FF              100
        BANK7            000700-0007FF              100
        BIGRAM           000021-0007FF              7DF
        BIGSFR           000F53-000FFF               AD
        CODE             000004-0078C9             78C6
        COMRAM           000021-00005F               3F
        CONST            000004-0078C9             78C6
        EEDATA           F00000-F000FF              100
        MEDIUMCONST      000800-0078C9             70CA
        RAM              000060-0007FF              100
        SFR              000F53-000FFF                D
        SMALLCONST       000800-0078C9              100

                                  Symbol Table

?___awdiv                    cstackCOMRAM 000001
?___awmod                    cstackCOMRAM 000001
IntegertoString@copyOfNumber cstackCOMRAM 000015
IntegertoString@divide       cstackCOMRAM 000017
IntegertoString@isNegative   cstackCOMRAM 000013
IntegertoString@length       cstackCOMRAM 000019
IntegertoString@modResult    cstackCOMRAM 000011
IntegertoString@number       cstackCOMRAM 00000B
IntegertoString@offset       cstackCOMRAM 00000F
IntegertoString@string       cstackCOMRAM 000009
LCD_cmd@cx                   cstackCOMRAM 000001
_ANSELC                      (abs)        000F5D
_ANSELD                      (abs)        000F5E
_IntegertoString             text5        007B58
_LATC                        (abs)        000F8B
_LATCbits                    (abs)        000F8B
_LATD                        (abs)        000F8C
_LCD_cmd                     text9        0078D6
_LCD_init                    text8        00792A
_OSCCON                      (abs)        000FD3
_PIR1bits                    (abs)        000F9E
_T0CON                       (abs)        000FD5
_T1CON                       (abs)        000FCD
_T1GCONbits                  (abs)        000FCC
_TMR0L                       (abs)        000FD6
_TMR1H                       (abs)        000FCF
_TMR1L                       (abs)        000FCE
_TRISAbits                   (abs)        000F92
_TRISC                       (abs)        000F94
_TRISCbits                   (abs)        000F94
_TRISD                       (abs)        000F95
__HRAM                       (abs)        000000
__Habs1                      abs1         000000
__Hbank0                     bank0        000000
__Hbank1                     bank1        000000
__Hbank2                     bank2        000000
__Hbank3                     bank3        000000
__Hbank4                     bank4        000000
__Hbank5                     bank5        000000
__Hbank6                     bank6        000000
__Hbank7                     bank7        000000
__Hbigbss                    bigbss       000000
__Hbigdata                   bigdata      000000
__Hbigram                    bigram       000000
__Hbigsfr                    bigsfr       000000
__Hbss                       bss          000000
__HbssCOMRAM                 bssCOMRAM    000000
__Hcinit                     cinit        000000
__Hclrtext                   clrtext      000000
__Hcomram                    comram       000000
__Hconfig                    config       30000E
__Hconst                     const        000000
__HcstackCOMRAM              cstackCOMRAM 000000
__Hdata                      data         000000
__Heeprom_data               eeprom_data  000000
__Hfarbss                    farbss       000000
__Hfardata                   fardata      000000
__Hheap                      heap         000000
__Hibigdata                  ibigdata     000000
__Hidata                     idata        000000
__Hidloc                     idloc        200008
__Hifardata                  ifardata     000000
__Hinit                      init         000004
__Hintcode                   intcode      000000
__Hintcode_body              intcode_body 000000
__Hintcodelo                 intcodelo    000000
__Hintentry                  intentry     000000
__Hintret                    intret       000000
__Hintsave_regs              intsave_regs 000000
__Hirdata                    irdata       000000
__Hmediumconst               mediumconst  000000
__HnvFARRAM                  nvFARRAM     000000
__Hnvbit                     nvbit        000000
__Hnvrram                    nvrram       000000
__Hparam                     rparam       000000
__Hpowerup                   powerup      000000
__Hram                       ram          000000
__Hramtop                    ramtop       000800
__Hrbit                      rbit         000000
__Hrbss                      rbss         000000
__Hrdata                     rdata        000000
__Hreset_vec                 reset_vec    000000
__Hrparam                    rparam       000000
__Hsfr                       sfr          000000
__Hsmallconst                smallconst   000000
__Hspace_0                   (abs)        008000
__Hspace_1                   (abs)        000021
__Hspace_2                   (abs)        000000
__Hspace_4                   (abs)        60000E
__Hstack                     stack        000000
__Hstruct                    struct       000000
__Htemp                      temp         000000
__Htext                      text         000000
__Htext0                     text0        000000
__Htext1                     text1        000000
__Htext2                     text2        000000
__Htext3                     text3        000000
__Htext4                     text4        000000
__Htext5                     text5        000000
__Htext6                     text6        000000
__Htext7                     text7        000000
__Htext8                     text8        000000
__Htext9                     text9        000000
__LRAM                       (abs)        000001
__Labs1                      abs1         000000
__Lbank0                     bank0        000000
__Lbank1                     bank1        000000
__Lbank2                     bank2        000000
__Lbank3                     bank3        000000
__Lbank4                     bank4        000000
__Lbank5                     bank5        000000
__Lbank6                     bank6        000000
__Lbank7                     bank7        000000
__Lbigbss                    bigbss       000000
__Lbigdata                   bigdata      000000
__Lbigram                    bigram       000000
__Lbigsfr                    bigsfr       000000
__Lbss                       bss          000000
__LbssCOMRAM                 bssCOMRAM    000000
__Lcinit                     cinit        000000
__Lclrtext                   clrtext      000000
__Lcomram                    comram       000000
__Lconfig                    config       000000
__Lconst                     const        000000
__LcstackCOMRAM              cstackCOMRAM 000000
__Ldata                      data         000000
__Leeprom_data               eeprom_data  000000
__Lfarbss                    farbss       000000
__Lfardata                   fardata      000000
__Lheap                      heap         000000
__Libigdata                  ibigdata     000000
__Lidata                     idata        000000
__Lidloc                     idloc        000000
__Lifardata                  ifardata     000000
__Linit                      init         000000
__Lintcode                   intcode      000000
__Lintcode_body              intcode_body 000000
__Lintcodelo                 intcodelo    000000
__Lintentry                  intentry     000000
__Lintret                    intret       000000
__Lintsave_regs              intsave_regs 000000
__Lirdata                    irdata       000000
__Lmediumconst               mediumconst  000000
__LnvFARRAM                  nvFARRAM     000000
__Lnvbit                     nvbit        000000
__Lnvrram                    nvrram       000000
__Lparam                     rparam       000000
__Lpowerup                   powerup      000000
__Lram                       ram          000000
__Lramtop                    ramtop       000800
__Lrbit                      rbit         000000
__Lrbss                      rbss         000000
__Lrdata                     rdata        000000
__Lreset_vec                 reset_vec    000000
__Lrparam                    rparam       000000
__Lsfr                       sfr          000000
__Lsmallconst                smallconst   000000
__Lspace_0                   (abs)        000000
__Lspace_1                   (abs)        000000
__Lspace_2                   (abs)        000000
__Lspace_4                   (abs)        000000
__Lstack                     stack        000000
__Lstruct                    struct       000000
__Ltemp                      temp         000000
__Ltext                      text         000000
__Ltext0                     text0        000000
__Ltext1                     text1        000000
__Ltext2                     text2        000000
__Ltext3                     text3        000000
__Ltext4                     text4        000000
__Ltext5                     text5        000000
__Ltext6                     text6        000000
__Ltext7                     text7        000000
__Ltext8                     text8        000000
__Ltext9                     text9        000000
__S0                         (abs)        008000
__S1                         (abs)        000021
__S4                         (abs)        000000
__S5                         (abs)        000000
___awdiv                     text7        007A94
___awdiv@counter             cstackCOMRAM 000005
___awdiv@dividend            cstackCOMRAM 000001
___awdiv@divisor             cstackCOMRAM 000003
___awdiv@quotient            cstackCOMRAM 000007
___awdiv@sign                cstackCOMRAM 000006
___awmod                     text6        0079E4
___awmod@counter             cstackCOMRAM 000005
___awmod@dividend            cstackCOMRAM 000001
___awmod@divisor             cstackCOMRAM 000003
___awmod@sign                cstackCOMRAM 000006
___heap_hi                   (abs)        000000
___heap_lo                   (abs)        000000
___inthi_sp                  stack        000000
___intlo_sp                  stack        000000
___param_bank                (abs)        000000
___rparam_used               (abs)        000001
___sp                        stack        000000
__accesstop                  (abs)        000060
__activetblptr               (abs)        000000
__end_of_IntegertoString     text5        007CB6
__end_of_LCD_cmd             text9        0078EA
__end_of_LCD_init            text8        007972
__end_of___awdiv             text7        007B58
__end_of___awmod             text6        007A94
__end_of__initialization     cinit        0078D0
__end_of_delay_counter       text2        008000
__end_of_main                text0        0079E4
__end_of_memset              text4        007E2C
__end_of_portsInit           text1        007908
__end_of_send2LCD            text3        00792A
__initialization             cinit        0078CA
__mediumconst                mediumconst  000000
__pbssCOMRAM                 bssCOMRAM    00001E
__pcinit                     cinit        0078CA
__pcstackCOMRAM              cstackCOMRAM 000001
__ptext0                     text0        007972
__ptext1                     text1        0078EA
__ptext2                     text2        007E2C
__ptext3                     text3        007908
__ptext4                     text4        007CB6
__ptext5                     text5        007B58
__ptext6                     text6        0079E4
__ptext7                     text7        007A94
__ptext8                     text8        00792A
__ptext9                     text9        0078D6
__ramtop                     ramtop       000800
__smallconst                 smallconst   000000
_delay_counter               text2        007E2C
_frequency                   bssCOMRAM    00001E
_main                        text0        007972
_memset                      text4        007CB6
_portsInit                   text1        0078EA
_send2LCD                    text3        007908
delay_counter@i              cstackCOMRAM 00001C
end_of_initialization        cinit        0078D0
intlevel0                    text         000000
intlevel1                    text         000000
intlevel2                    text         000000
intlevel3                    text         000000
isa$std                      (abs)        000001
isa$xinst                    (abs)        000000
memset@c                     cstackCOMRAM 000003
memset@dest                  cstackCOMRAM 000001
memset@k                     cstackCOMRAM 000009
memset@n                     cstackCOMRAM 000005
memset@s                     cstackCOMRAM 00000B
send2LCD@xy                  cstackCOMRAM 000002
stackhi                      (abs)        000000
stacklo                      (abs)        000000
start                        init         000000
start_initialization         cinit        0078CA


MODULE INFORMATION

Module		Function		Class		Link	Load	Size
C:\Program Files\Microchip\xc8\v2.36\pic\sources\c99\common\awmod.c
		___awmod       		CODE           	79E4	0000	176

C:\Program Files\Microchip\xc8\v2.36\pic\sources\c99\common\awmod.c estimated size: 176

C:\Program Files\Microchip\xc8\v2.36\pic\sources\c99\common\memset.c
		_memset        		CODE           	7CB6	0000	374

C:\Program Files\Microchip\xc8\v2.36\pic\sources\c99\common\memset.c estimated size: 374

C:\Program Files\Microchip\xc8\v2.36\pic\sources\c99\common\awdiv.c
		___awdiv       		CODE           	7A94	0000	196

C:\Program Files\Microchip\xc8\v2.36\pic\sources\c99\common\awdiv.c estimated size: 196

shared
		__initialization		CODE           	78CA	0000	6

shared estimated size: 6

main.c
		_delay_counter 		CODE           	7E2C	0000	468
		_portsInit     		CODE           	78EA	0000	30
		_main          		CODE           	7972	0000	114
		_IntegertoString		CODE           	7B58	0000	350
		_LCD_init      		CODE           	792A	0000	72
		_send2LCD      		CODE           	7908	0000	34
		_LCD_cmd       		CODE           	78D6	0000	20

main.c estimated size: 1088

